########################################
# Program: seqmatchall
# Rundate: Sat 26 Sep 2026 15:12:07
# Commandline: seqmatchall
#    -sequence /work/dna.fasta
#    -outfile /work/out/emboss_seqmatchall/outfile.out
#    -auto
# Align_format: match
# Report_file: /work/out/emboss_seqmatchall/outfile.out
########################################

#=======================================
#
# Aligned_sequences: 2
# 1: dna1
# 2: dna2
#=======================================

    24 dna1            +      101..124      dna2            +       89..112
    20 dna1            +       42..61       dna2            +       93..112
    20 dna1            +       62..81       dna2            +       93..112
    13 dna1            +        4..16       dna2            +      103..115
    13 dna1            +        4..16       dna2            +      107..119
    13 dna1            +        4..16       dna2            +      111..123
    12 dna1            +       19..30       dna2            +       25..36
    12 dna1            +       19..30       dna2            +       29..40
    12 dna1            +       19..30       dna2            +       33..44
    12 dna1            +       19..30       dna2            +       37..48
    12 dna1            +       19..30       dna2            +       41..52
    12 dna1            +       19..30       dna2            +       45..56
    12 dna1            +       19..30       dna2            +       49..60
    12 dna1            +       19..30       dna2            +       53..64
    12 dna1            +       19..30       dna2            +       57..68
    12 dna1            +       19..30       dna2            +       61..72
    12 dna1            +       19..30       dna2            +       65..76
    12 dna1            +       19..30       dna2            +       69..80
    12 dna1            +       19..30       dna2            +       73..84
    12 dna1            +       19..30       dna2            +       77..88
    12 dna1            +       19..30       dna2            +       81..92
    12 dna1            +       19..30       dna2            +       85..96
    12 dna1            +       19..30       dna2            +       89..100
    12 dna1            +       50..61       dna2            +      105..116
    12 dna1            +       50..61       dna2            +      109..120
    12 dna1            +       50..61       dna2            +      113..124
    12 dna1            +       70..81       dna2            +      105..116
    12 dna1            +       70..81       dna2            +      109..120
    12 dna1            +       70..81       dna2            +      113..124
    12 dna1            +      101..112      dna2            +       25..36
    12 dna1            +      101..112      dna2            +       29..40
    12 dna1            +      101..112      dna2            +       33..44
    12 dna1            +      101..112      dna2            +       37..48
    12 dna1            +      101..112      dna2            +       41..52
    12 dna1            +      101..112      dna2            +       45..56
    12 dna1            +      101..112      dna2            +       49..60
    12 dna1            +      101..112      dna2            +       53..64
    12 dna1            +      101..112      dna2            +       57..68
    12 dna1            +      101..112      dna2            +       61..72
    12 dna1            +      101..112      dna2            +       65..76
    12 dna1            +      101..112      dna2            +       69..80
    12 dna1            +      101..112      dna2            +       73..84
    12 dna1            +      101..112      dna2            +       77..88
    12 dna1            +      101..112      dna2            +       81..92
    12 dna1            +      101..112      dna2            +       85..96
    12 dna1            +      113..124      dna2            +      105..116
    12 dna1            +      113..124      dna2            +      109..120
    12 dna1            +      113..124      dna2            +      113..124
    11 dna1            +        6..16       dna2            +      101..111
    10 dna1            +        4..13       dna2            +      115..124
    10 dna1            +       32..41       dna2            +      103..112
    10 dna1            +       32..41       dna2            +      107..116
    10 dna1            +       32..41       dna2            +      111..120
    10 dna1            +       32..41       dna2            +      115..124
     9 dna1            +       22..30       dna2            +       24..32
     9 dna1            +      104..112      dna2            +       24..32
     8 dna1            +       19..26       dna2            +       93..100
     8 dna1            +       34..41       dna2            +      101..108
     8 dna1            +       42..49       dna2            +       25..32
     8 dna1            +       42..49       dna2            +       29..36
     8 dna1            +       42..49       dna2            +       33..40
     8 dna1            +       42..49       dna2            +       37..44
     8 dna1            +       42..49       dna2            +       41..48
     8 dna1            +       42..49       dna2            +       45..52
     8 dna1            +       42..49       dna2            +       49..56
     8 dna1            +       42..49       dna2            +       53..60
     8 dna1            +       42..49       dna2            +       57..64
     8 dna1            +       42..49       dna2            +       61..68
     8 dna1            +       42..49       dna2            +       65..72
     8 dna1            +       42..49       dna2            +       69..76
     8 dna1            +       42..49       dna2            +       73..80
     8 dna1            +       42..49       dna2            +       77..84
     8 dna1            +       42..49       dna2            +       81..88
     8 dna1            +       42..49       dna2            +       85..92
     8 dna1            +       42..49       dna2            +       89..96
     8 dna1            +       50..57       dna2            +      117..124
     8 dna1            +       54..61       dna2            +      101..108
     8 dna1            +       62..69       dna2            +       25..32
     8 dna1            +       62..69       dna2            +       29..36
     8 dna1            +       62..69       dna2            +       33..40
     8 dna1            +       62..69       dna2            +       37..44
     8 dna1            +       62..69       dna2            +       41..48
     8 dna1            +       62..69       dna2            +       45..52
     8 dna1            +       62..69       dna2            +       49..56
     8 dna1            +       62..69       dna2            +       53..60
     8 dna1            +       62..69       dna2            +       57..64
     8 dna1            +       62..69       dna2            +       61..68
     8 dna1            +       62..69       dna2            +       65..72
     8 dna1            +       62..69       dna2            +       69..76
     8 dna1            +       62..69       dna2            +       73..80
     8 dna1            +       62..69       dna2            +       77..84
     8 dna1            +       62..69       dna2            +       81..88
     8 dna1            +       62..69       dna2            +       85..92
     8 dna1            +       62..69       dna2            +       89..96
     8 dna1            +       70..77       dna2            +      117..124
     8 dna1            +       74..81       dna2            +      101..108
     8 dna1            +       93..100      dna2            +      101..108
     8 dna1            +       93..100      dna2            +      105..112
     8 dna1            +       93..100      dna2            +      109..116
     8 dna1            +       93..100      dna2            +      113..120
     8 dna1            +       93..100      dna2            +      117..124
     8 dna1            +      101..108      dna2            +       93..100
     8 dna1            +      113..120      dna2            +      117..124
     8 dna1            +      117..124      dna2            +      101..108
     7 dna1            +       10..16       dna2            +      101..107
     7 dna1            +       82..88       dna2            +       19..25
     6 dna1            +        4..9        dna2            +      119..124
     6 dna1            +       32..37       dna2            +      119..124
     6 dna1            +       82..87       dna2            +        7..12
     5 dna1            +       26..30       dna2            +       24..28
     5 dna1            +       45..49       dna2            +       24..28
     5 dna1            +       65..69       dna2            +       24..28
     5 dna1            +      108..112      dna2            +       24..28
     4 dna1            +       19..22       dna2            +       97..100
     4 dna1            +       29..32       dna2            +        9..12
     4 dna1            +       29..32       dna2            +       21..24
     4 dna1            +       38..41       dna2            +      101..104
     4 dna1            +       42..45       dna2            +       97..100
     4 dna1            +       50..53       dna2            +      121..124
     4 dna1            +       58..61       dna2            +      101..104
     4 dna1            +       62..65       dna2            +       97..100
     4 dna1            +       70..73       dna2            +      121..124
     4 dna1            +       78..81       dna2            +      101..104
     4 dna1            +       91..94       dna2            +        1..4
     4 dna1            +       91..94       dna2            +       13..16
     4 dna1            +       93..96       dna2            +      121..124
     4 dna1            +       97..100      dna2            +      101..104
     4 dna1            +      101..104      dna2            +       97..100
     4 dna1            +      113..116      dna2            +      121..124
     4 dna1            +      121..124      dna2            +      101..104

#---------------------------------------
#---------------------------------------
