>seq1_sliding:1-1
A
>seq1_sliding:2-2
C
>seq1_sliding:3-3
G
>seq1_sliding:4-4
T
>seq1_sliding:5-5
A
>seq1_sliding:6-6
C
>seq1_sliding:7-7
G
>seq1_sliding:8-8
T
>seq1_sliding:9-9
A
>seq1_sliding:10-10
C
>seq2_sliding:1-1
A
>seq2_sliding:2-2
C
>seq2_sliding:3-3
G
>seq2_sliding:4-4
T
>seq2_sliding:5-5
A
>seq2_sliding:6-6
C
>seq2_sliding:7-7
G
>seq2_sliding:8-8
T
>seq2_sliding:9-9
A
>seq2_sliding:10-10
C
>seq2_sliding:11-11
G
>seq2_sliding:12-12
T
>seq2_sliding:13-13
A
>seq2_sliding:14-14
C
>seq2_sliding:15-15
G
>seq2_sliding:16-16
T
>seq2_sliding:17-17
A
>seq2_sliding:18-18
C
>seq2_sliding:19-19
G
>seq2_sliding:20-20
T
>seq3_sliding:1-1
A
>seq3_sliding:2-2
C
>seq3_sliding:3-3
G
>seq3_sliding:4-4
T
>seq4_sliding:1-1
A
>seq4_sliding:2-2
C
>seq4_sliding:3-3
G
>seq4_sliding:4-4
T
>seq4_sliding:5-5
A
>seq4_sliding:6-6
C
>seq4_sliding:7-7
G
>seq4_sliding:8-8
T
>seq4_sliding:9-9
A
>seq4_sliding:10-10
C
>seq4_sliding:11-11
G
>seq4_sliding:12-12
T
>seq4_sliding:13-13
A
>seq4_sliding:14-14
C
>seq4_sliding:15-15
G
>seq4_sliding:16-16
T
>seq4_sliding:17-17
A
>seq4_sliding:18-18
C
>seq4_sliding:19-19
G
>seq4_sliding:20-20
T
>seq4_sliding:21-21
A
>seq4_sliding:22-22
C
>seq4_sliding:23-23
G
>seq4_sliding:24-24
T
>seq4_sliding:25-25
A
>seq4_sliding:26-26
C
>seq4_sliding:27-27
G
>seq4_sliding:28-28
T
>seq4_sliding:29-29
A
>seq4_sliding:30-30
C
