#CdsCount: 8

#Coding GC 50.81%
#1st letter GC 48.78%
#2nd letter GC 50.00%
#3rd letter GC 53.66%

#Codon AA Fraction Frequency Number
GCA    A     0.143    12.195      1
GCC    A     0.000     0.000      0
GCG    A     0.000     0.000      0
GCT    A     0.857    73.171      6
TGC    C     0.000     0.000      0
TGT    C     0.000     0.000      0
GAC    D     0.000     0.000      0
GAT    D     1.000    85.366      7
GAA    E     0.000     0.000      0
GAG    E     0.000     0.000      0
TTC    F     0.000     0.000      0
TTT    F     1.000    36.585      3
GGA    G     0.000     0.000      0
GGC    G     0.400    24.390      2
GGG    G     0.600    36.585      3
GGT    G     0.000     0.000      0
CAC    H     0.000     0.000      0
CAT    H     1.000    24.390      2
ATA    I     0.000     0.000      0
ATC    I     1.000   121.951     10
ATT    I     0.000     0.000      0
AAA    K     1.000    36.585      3
AAG    K     0.000     0.000      0
CTA    L     1.000    48.780      4
CTC    L     0.000     0.000      0
CTG    L     0.000     0.000      0
CTT    L     0.000     0.000      0
TTA    L     0.000     0.000      0
TTG    L     0.000     0.000      0
ATG    M     1.000    12.195      1
AAC    N     0.000     0.000      0
AAT    N     0.000     0.000      0
CCA    P     0.000     0.000      0
CCC    P     1.000    36.585      3
CCG    P     0.000     0.000      0
CCT    P     0.000     0.000      0
CAA    Q     0.000     0.000      0
CAG    Q     0.000     0.000      0
AGA    R     0.000     0.000      0
AGG    R     0.000     0.000      0
CGA    R     1.000   109.756      9
CGC    R     0.000     0.000      0
CGG    R     0.000     0.000      0
CGT    R     0.000     0.000      0
AGC    S     0.412    85.366      7
AGT    S     0.000     0.000      0
TCA    S     0.000     0.000      0
TCC    S     0.000     0.000      0
TCG    S     0.588   121.951     10
TCT    S     0.000     0.000      0
ACA    T     0.000     0.000      0
ACC    T     0.000     0.000      0
ACG    T     0.000     0.000      0
ACT    T     0.000     0.000      0
GTA    V     1.000    36.585      3
GTC    V     0.000     0.000      0
GTG    V     0.000     0.000      0
GTT    V     0.000     0.000      0
TGG    W     0.000     0.000      0
TAC    Y     0.000     0.000      0
TAT    Y     0.000     0.000      0
TAA    *     0.000     0.000      0
TAG    *     1.000    97.561      8
TGA    *     0.000     0.000      0
