CHARGE of dna1 from 1 to 124: window 5

Position	Residue	Charge
1		A	0.000
2		T	0.000
3		G	0.000
4		G	0.000
5		C	0.000
6		T	0.000
7		A	0.000
8		G	0.000
9		C	0.000
10		T	0.000
11		A	0.000
12		G	0.000
13		C	0.000
14		T	0.000
15		A	0.000
16		G	0.000
17		G	0.000
18		C	0.000
19		A	0.000
20		T	0.000
21		C	0.000
22		G	0.000
23		A	0.000
24		T	0.000
25		C	0.000
26		G	0.000
27		A	0.000
28		T	0.000
29		C	0.000
30		G	0.000
31		G	0.000
32		G	0.000
33		C	0.000
34		T	0.000
35		A	0.000
36		G	0.000
37		C	0.000
38		T	0.000
39		A	0.000
40		G	0.000
41		C	0.000
42		A	0.000
43		T	0.000
44		C	0.000
45		G	0.000
46		A	0.000
47		T	0.000
48		C	0.000
49		G	0.000
50		T	0.000
51		A	0.000
52		G	0.000
53		C	0.000
54		T	0.000
55		A	0.000
56		G	0.000
57		C	0.000
58		T	0.000
59		A	0.000
60		G	0.000
61		C	0.000
62		A	0.000
63		T	0.000
64		C	0.000
65		G	0.000
66		A	0.000
67		T	0.000
68		C	0.000
69		G	0.000
70		T	0.000
71		A	0.000
72		G	0.000
73		C	0.000
74		T	0.000
75		A	0.000
76		G	0.000
77		C	0.000
78		T	0.000
79		A	0.000
80		G	0.000
81		C	0.000
82		C	0.000
83		C	0.000
84		C	0.000
85		G	0.000
86		G	0.000
87		G	0.000
88		A	0.000
89		A	0.000
90		A	0.000
91		T	0.000
92		T	0.000
93		T	0.000
94		A	0.000
95		G	0.000
96		C	0.000
97		T	0.000
98		A	0.000
99		G	0.000
100		C	0.000
101		A	0.000
102		T	0.000
103		C	0.000
104		G	0.000
105		A	0.000
106		T	0.000
107		C	0.000
108		G	0.000
109		A	0.000
110		T	0.000
111		C	0.000
112		G	0.000
113		T	0.000
114		A	0.000
115		G	0.000
116		C	0.000
117		T	0.000
118		A	0.000
119		G	0.000
120		C	0.000
CHARGE of dna2 from 1 to 124: window 5

Position	Residue	Charge
1		T	0.000
2		T	0.000
3		T	0.000
4		A	0.000
5		A	0.000
6		A	0.000
7		C	0.000
8		C	0.000
9		C	0.000
10		G	0.000
11		G	0.000
12		G	0.000
13		T	0.000
14		T	0.000
15		T	0.000
16		A	0.000
17		A	0.000
18		A	0.000
19		C	0.000
20		C	0.000
21		C	0.000
22		G	0.000
23		G	0.000
24		G	0.000
25		A	0.000
26		T	0.000
27		C	0.000
28		G	0.000
29		A	0.000
30		T	0.000
31		C	0.000
32		G	0.000
33		A	0.000
34		T	0.000
35		C	0.000
36		G	0.000
37		A	0.000
38		T	0.000
39		C	0.000
40		G	0.000
41		A	0.000
42		T	0.000
43		C	0.000
44		G	0.000
45		A	0.000
46		T	0.000
47		C	0.000
48		G	0.000
49		A	0.000
50		T	0.000
51		C	0.000
52		G	0.000
53		A	0.000
54		T	0.000
55		C	0.000
56		G	0.000
57		A	0.000
58		T	0.000
59		C	0.000
60		G	0.000
61		A	0.000
62		T	0.000
63		C	0.000
64		G	0.000
65		A	0.000
66		T	0.000
67		C	0.000
68		G	0.000
69		A	0.000
70		T	0.000
71		C	0.000
72		G	0.000
73		A	0.000
74		T	0.000
75		C	0.000
76		G	0.000
77		A	0.000
78		T	0.000
79		C	0.000
80		G	0.000
81		A	0.000
82		T	0.000
83		C	0.000
84		G	0.000
85		A	0.000
86		T	0.000
87		C	0.000
88		G	0.000
89		A	0.000
90		T	0.000
91		C	0.000
92		G	0.000
93		A	0.000
94		T	0.000
95		C	0.000
96		G	0.000
97		A	0.000
98		T	0.000
99		C	0.000
100		G	0.000
101		T	0.000
102		A	0.000
103		G	0.000
104		C	0.000
105		T	0.000
106		A	0.000
107		G	0.000
108		C	0.000
109		T	0.000
110		A	0.000
111		G	0.000
112		C	0.000
113		T	0.000
114		A	0.000
115		G	0.000
116		C	0.000
117		T	0.000
118		A	0.000
119		G	0.000
120		C	0.000
