>=======================================_1_ORF1  Translation of ======================================= in frame 1, ORF 1, threshold 1, 4aa
XMAS
>=======================================_1_ORF2  Translation of ======================================= in frame 1, ORF 2, threshold 1, 7aa
LGIDRSG
>=======================================_1_ORF3  Translation of ======================================= in frame 1, ORF 3, threshold 1, 10aa
LASIVXWLAS
>=======================================_1_ORF4  Translation of ======================================= in frame 1, ORF 4, threshold 1, 7aa
ASIDRAS
>=======================================_1_ORF5  Translation of ======================================= in frame 1, ORF 5, threshold 1, 12aa
HRSXKLASIDRS
>=======================================_1_ORF6  Translation of ======================================= in frame 1, ORF 6, threshold 1, 10aa
LAPGNLASXS
>=======================================_1_ORF7  Translation of ======================================= in frame 1, ORF 7, threshold 1, 7aa
LASIVAS
>=======================================_1_ORF8  Translation of ======================================= in frame 1, ORF 8, threshold 1, 4aa
PREI
>=======================================_1_ORF9  Translation of ======================================= in frame 1, ORF 9, threshold 1, 8aa
LAXSIDRS
>=======================================_1_ORF10  Translation of ======================================= in frame 1, ORF 10, threshold 1, 8aa
LAXSIDRS
>=======================================_1_ORF11  Translation of ======================================= in frame 1, ORF 11, threshold 1, 2aa
LA
>=======================================_2_ORF1  Translation of ======================================= in frame 2, ORF 1, threshold 1, 5aa
XWLAS
>=======================================_2_ORF2  Translation of ======================================= in frame 2, ORF 2, threshold 1, 7aa
ASIDRAS
>=======================================_2_ORF3  Translation of ======================================= in frame 2, ORF 3, threshold 1, 6aa
HRSXNG
>=======================================_2_ORF4  Translation of ======================================= in frame 2, ORF 4, threshold 1, 16aa
LARHRSIGLASIDRXS
>=======================================_2_ORF5  Translation of ======================================= in frame 2, ORF 5, threshold 1, 7aa
LASIVAS
>=======================================_2_ORF6  Translation of ======================================= in frame 2, ORF 6, threshold 1, 4aa
PREI
>=======================================_2_ORF7  Translation of ======================================= in frame 2, ORF 7, threshold 1, 5aa
LAXAS
>=======================================_2_ORF8  Translation of ======================================= in frame 2, ORF 8, threshold 1, 3aa
HRS
>=======================================_2_ORF9  Translation of ======================================= in frame 2, ORF 9, threshold 1, 8aa
LASPGKFS
>=======================================_2_ORF10  Translation of ======================================= in frame 2, ORF 10, threshold 1, 8aa
XNRSIVAS
>=======================================_2_ORF11  Translation of ======================================= in frame 2, ORF 11, threshold 1, 8aa
XNRSIVAS
>=======================================_2_ORF12  Translation of ======================================= in frame 2, ORF 12, threshold 1, 1aa
X
>=======================================_3_ORF1  Translation of ======================================= in frame 3, ORF 1, threshold 1, 2aa
NG
>=======================================_3_ORF2  Translation of ======================================= in frame 3, ORF 2, threshold 1, 18aa
LARHRSIGLASIDRXMAS
>=======================================_3_ORF3  Translation of ======================================= in frame 3, ORF 3, threshold 1, 7aa
LGIDRSG
>=======================================_3_ORF4  Translation of ======================================= in frame 3, ORF 4, threshold 1, 8aa
LASIVXAS
>=======================================_3_ORF5  Translation of ======================================= in frame 3, ORF 5, threshold 1, 3aa
HRS
>=======================================_3_ORF6  Translation of ======================================= in frame 3, ORF 6, threshold 1, 8aa
LASPGKFS
>=======================================_3_ORF7  Translation of ======================================= in frame 3, ORF 7, threshold 1, 9aa
XKLASIDRS
>=======================================_3_ORF8  Translation of ======================================= in frame 3, ORF 8, threshold 1, 13aa
LAPGNLASXIDRS
>=======================================_3_ORF9  Translation of ======================================= in frame 3, ORF 9, threshold 1, 8aa
LASXIDRS
>=======================================_3_ORF10  Translation of ======================================= in frame 3, ORF 10, threshold 1, 3aa
LAS
>=======================================_4_ORF1  Translation of ======================================= in frame 4, ORF 1, threshold 1, 8aa
LATIDRXX
>=======================================_4_ORF2  Translation of ======================================= in frame 4, ORF 2, threshold 1, 8aa
LATIDRXX
>=======================================_4_ORF3  Translation of ======================================= in frame 4, ORF 3, threshold 1, 12aa
LNFPGLASYDRC
>=======================================_4_ORF4  Translation of ======================================= in frame 4, ORF 4, threshold 1, 5aa
LAXAS
>=======================================_4_ORF5  Translation of ======================================= in frame 4, ORF 5, threshold 1, 4aa
ISRG
>=======================================_4_ORF6  Translation of ======================================= in frame 4, ORF 6, threshold 1, 7aa
LATIDAS
>=======================================_4_ORF7  Translation of ======================================= in frame 4, ORF 7, threshold 1, 16aa
LXRSMLASPIDRCLAS
>=======================================_4_ORF8  Translation of ======================================= in frame 4, ORF 8, threshold 1, 6aa
PXXDRC
>=======================================_4_ORF9  Translation of ======================================= in frame 4, ORF 9, threshold 1, 7aa
LARSIDA
>=======================================_4_ORF10  Translation of ======================================= in frame 4, ORF 10, threshold 1, 5aa
LASHX
>=======================================_5_ORF1  Translation of ======================================= in frame 5, ORF 1, threshold 1, 26aa
LASYDRSIXLASYDRSIXLAKFPGAS
>=======================================_5_ORF2  Translation of ======================================= in frame 5, ORF 2, threshold 1, 9aa
LRSMLASXX
>=======================================_5_ORF3  Translation of ======================================= in frame 5, ORF 3, threshold 1, 12aa
LNFPGLASYDRC
>=======================================_5_ORF4  Translation of ======================================= in frame 5, ORF 4, threshold 1, 8aa
LAXTIDAS
>=======================================_5_ORF5  Translation of ======================================= in frame 5, ORF 5, threshold 1, 7aa
PDRSMPS
>=======================================_5_ORF6  Translation of ======================================= in frame 5, ORF 6, threshold 1, 18aa
LAIXRSMLASPIDRCLAS
>=======================================_5_ORF7  Translation of ======================================= in frame 5, ORF 7, threshold 1, 3aa
PXX
>=======================================_6_ORF1  Translation of ======================================= in frame 6, ORF 1, threshold 1, 2aa
AS
>=======================================_6_ORF2  Translation of ======================================= in frame 6, ORF 2, threshold 1, 8aa
LRSIDXAS
>=======================================_6_ORF3  Translation of ======================================= in frame 6, ORF 3, threshold 1, 8aa
LRSIDXAS
>=======================================_6_ORF4  Translation of ======================================= in frame 6, ORF 4, threshold 1, 4aa
ISRG
>=======================================_6_ORF5  Translation of ======================================= in frame 6, ORF 5, threshold 1, 7aa
LATIDAS
>=======================================_6_ORF6  Translation of ======================================= in frame 6, ORF 6, threshold 1, 10aa
LXLAKFPGAS
>=======================================_6_ORF7  Translation of ======================================= in frame 6, ORF 7, threshold 1, 12aa
LRSMLASXXDRC
>=======================================_6_ORF8  Translation of ======================================= in frame 6, ORF 8, threshold 1, 7aa
LARSIDA
>=======================================_6_ORF9  Translation of ======================================= in frame 6, ORF 9, threshold 1, 10aa
LASHXTIDAS
>=======================================_6_ORF10  Translation of ======================================= in frame 6, ORF 10, threshold 1, 7aa
PDRSMPS
>=======================================_6_ORF11  Translation of ======================================= in frame 6, ORF 11, threshold 1, 4aa
LAIX
