Base   Bend      Curve
A      -0.0      0.0
T      -0.0      0.0
G      -nan      0.0
G      -nan      0.0
C      -nan      0.0
T      -nan     -nan
A      -nan     -nan
G      -nan     -nan
C      -nan     -nan
T      -nan     -nan
A      -nan     -nan
G      -nan     -nan
C      -nan     -nan
T      -nan     -nan
A      -nan     -nan
G      -nan     -nan
G      -nan     -nan
C      -nan     -nan
A      -nan     -nan
T      -nan     -nan
C      -nan     -nan
G      -nan     -nan
A      -nan     -nan
T      -nan     -nan
C      -nan     -nan
G      -nan     -nan
A      -nan     -nan
T      -nan     -nan
C      -nan     -nan
G      -nan     -nan
G      -nan     -nan
G      -nan     -nan
C      -nan     -nan
T      -nan     -nan
A      -nan     -nan
G      -nan     -nan
C      -nan     -nan
T      -nan     -nan
A      -nan     -nan
G      -nan     -nan
C      -nan     -nan
A      -nan     -nan
T      -nan     -nan
C      -nan     -nan
G      -nan     -nan
A      -nan     -nan
T      -nan     -nan
C      -nan     -nan
G      -nan     -nan
T      -nan     -nan
A      -nan     -nan
G      -nan     -nan
C      -nan     -nan
T      -nan     -nan
A      -nan     -nan
G      -nan     -nan
C      -nan     -nan
T      -nan     -nan
A      -nan     -nan
G      -nan     -nan
C      -nan     -nan
A      -nan     -nan
T      -nan     -nan
C      -nan     -nan
G      -nan     -nan
A      -nan     -nan
T      -nan     -nan
C      -nan     -nan
G      -nan     -nan
T      -nan     -nan
A      -nan     -nan
G      -nan     -nan
C      -nan     -nan
T      -nan     -nan
A      -nan     -nan
G      -nan     -nan
C      -nan     -nan
T      -nan     -nan
A      -nan     -nan
G      -nan     -nan
C      -nan     -nan
C      -nan     -nan
C      -nan     -nan
C      -nan     -nan
G      -nan     -nan
G      -nan     -nan
G      -nan     -nan
A      -nan     -nan
A      -nan     -nan
A      -nan     -nan
T      -nan     -nan
T      -nan     -nan
T      -nan     -nan
A      -nan     -nan
G      -nan     -nan
C      -nan     -nan
T      -nan     -nan
A      -nan     -nan
G      -nan     -nan
C      -nan     -nan
A      -nan     -nan
T      -nan     -nan
C      -nan     -nan
G      -nan     -nan
A      -nan     -nan
T      -nan     -nan
C      -nan     -nan
G      -nan     -nan
A      -nan     -nan
T      -nan     -nan
C      -nan     -nan
G      -nan     -nan
T      -nan     -nan
A      -nan     -nan
G      -nan     -nan
C      -nan     -nan
T      -nan     -nan
A      -nan      0.0
G      -nan      0.0
C      -nan      0.0
T      -nan      0.0
A      -nan      0.0
G      -nan      0.0
C       0.0      0.0
