#
# Output from 'compseq'
#
# The Expected frequencies are calculated on the (false) assumption that every
# word has equal frequency.
#
# The input sequences are:
#	dna1
#	dna2


Word size	2
Total count	246

#
# Word	Obs Count	Obs Frequency	Exp Frequency	Obs/Exp Frequency
#
AA	6		0.0243902	0.0625000	0.3902439
AC	2		0.0081301	0.0625000	0.1300813
AG	22		0.0894309	0.0625000	1.4308943
AT	31		0.1260163	0.0625000	2.0162602
CA	4		0.0162602	0.0625000	0.2601626
CC	7		0.0284553	0.0625000	0.4552846
CG	32		0.1300813	0.0625000	2.0813008
CT	17		0.0691057	0.0625000	1.1056911
GA	26		0.1056911	0.0625000	1.6910569
GC	24		0.0975610	0.0625000	1.5609756
GG	10		0.0406504	0.0625000	0.6504065
GT	5		0.0203252	0.0625000	0.3252033
TA	24		0.0975610	0.0625000	1.5609756
TC	29		0.1178862	0.0625000	1.8861789
TG	1		0.0040650	0.0625000	0.0650407
TT	6		0.0243902	0.0625000	0.3902439

Other	0		0.0000000	0.0000000	10000000000.0000000
