##gff-version 3
##sequence-region dna1 1 124
#!Date 2026-09-26
#!Type DNA
#!Source-version EMBOSS 6.6.0.0
dna1	wordmatch	sequence_feature	1	124	1	+	.	ID=dna1.1;note=dna1
dna1	wordmatch	sequence_feature	91	94	1	+	.	ID=dna1.2;note=dna2
dna1	wordmatch	sequence_feature	82	87	1	+	.	ID=dna1.3;note=dna2
dna1	wordmatch	sequence_feature	91	94	1	+	.	ID=dna1.4;note=dna2
dna1	wordmatch	sequence_feature	82	88	1	+	.	ID=dna1.5;note=dna2
dna1	wordmatch	sequence_feature	22	30	1	+	.	ID=dna1.6;note=dna2
dna1	wordmatch	sequence_feature	26	30	1	+	.	ID=dna1.7;note=dna2
dna1	wordmatch	sequence_feature	45	49	1	+	.	ID=dna1.8;note=dna2
dna1	wordmatch	sequence_feature	65	69	1	+	.	ID=dna1.9;note=dna2
dna1	wordmatch	sequence_feature	104	112	1	+	.	ID=dna1.10;note=dna2
dna1	wordmatch	sequence_feature	108	112	1	+	.	ID=dna1.11;note=dna2
dna1	wordmatch	sequence_feature	21	30	1	+	.	ID=dna1.12;note=dna2
dna1	wordmatch	sequence_feature	25	30	1	+	.	ID=dna1.13;note=dna2
dna1	wordmatch	sequence_feature	44	49	1	+	.	ID=dna1.14;note=dna2
dna1	wordmatch	sequence_feature	64	69	1	+	.	ID=dna1.15;note=dna2
dna1	wordmatch	sequence_feature	103	112	1	+	.	ID=dna1.16;note=dna2
dna1	wordmatch	sequence_feature	107	112	1	+	.	ID=dna1.17;note=dna2
dna1	wordmatch	sequence_feature	21	30	1	+	.	ID=dna1.18;note=dna2
dna1	wordmatch	sequence_feature	25	30	1	+	.	ID=dna1.19;note=dna2
dna1	wordmatch	sequence_feature	44	49	1	+	.	ID=dna1.20;note=dna2
dna1	wordmatch	sequence_feature	64	69	1	+	.	ID=dna1.21;note=dna2
dna1	wordmatch	sequence_feature	103	112	1	+	.	ID=dna1.22;note=dna2
dna1	wordmatch	sequence_feature	107	112	1	+	.	ID=dna1.23;note=dna2
dna1	wordmatch	sequence_feature	21	30	1	+	.	ID=dna1.24;note=dna2
dna1	wordmatch	sequence_feature	25	30	1	+	.	ID=dna1.25;note=dna2
dna1	wordmatch	sequence_feature	44	49	1	+	.	ID=dna1.26;note=dna2
dna1	wordmatch	sequence_feature	64	69	1	+	.	ID=dna1.27;note=dna2
dna1	wordmatch	sequence_feature	103	112	1	+	.	ID=dna1.28;note=dna2
dna1	wordmatch	sequence_feature	107	112	1	+	.	ID=dna1.29;note=dna2
dna1	wordmatch	sequence_feature	21	30	1	+	.	ID=dna1.30;note=dna2
dna1	wordmatch	sequence_feature	25	30	1	+	.	ID=dna1.31;note=dna2
dna1	wordmatch	sequence_feature	44	49	1	+	.	ID=dna1.32;note=dna2
dna1	wordmatch	sequence_feature	64	69	1	+	.	ID=dna1.33;note=dna2
dna1	wordmatch	sequence_feature	103	112	1	+	.	ID=dna1.34;note=dna2
dna1	wordmatch	sequence_feature	107	112	1	+	.	ID=dna1.35;note=dna2
dna1	wordmatch	sequence_feature	21	30	1	+	.	ID=dna1.36;note=dna2
dna1	wordmatch	sequence_feature	25	30	1	+	.	ID=dna1.37;note=dna2
dna1	wordmatch	sequence_feature	44	49	1	+	.	ID=dna1.38;note=dna2
dna1	wordmatch	sequence_feature	64	69	1	+	.	ID=dna1.39;note=dna2
dna1	wordmatch	sequence_feature	103	112	1	+	.	ID=dna1.40;note=dna2
dna1	wordmatch	sequence_feature	107	112	1	+	.	ID=dna1.41;note=dna2
dna1	wordmatch	sequence_feature	21	30	1	+	.	ID=dna1.42;note=dna2
dna1	wordmatch	sequence_feature	25	30	1	+	.	ID=dna1.43;note=dna2
dna1	wordmatch	sequence_feature	44	49	1	+	.	ID=dna1.44;note=dna2
dna1	wordmatch	sequence_feature	64	69	1	+	.	ID=dna1.45;note=dna2
dna1	wordmatch	sequence_feature	103	112	1	+	.	ID=dna1.46;note=dna2
dna1	wordmatch	sequence_feature	107	112	1	+	.	ID=dna1.47;note=dna2
dna1	wordmatch	sequence_feature	21	30	1	+	.	ID=dna1.48;note=dna2
dna1	wordmatch	sequence_feature	25	30	1	+	.	ID=dna1.49;note=dna2
dna1	wordmatch	sequence_feature	44	49	1	+	.	ID=dna1.50;note=dna2
dna1	wordmatch	sequence_feature	64	69	1	+	.	ID=dna1.51;note=dna2
dna1	wordmatch	sequence_feature	103	112	1	+	.	ID=dna1.52;note=dna2
dna1	wordmatch	sequence_feature	107	112	1	+	.	ID=dna1.53;note=dna2
dna1	wordmatch	sequence_feature	21	30	1	+	.	ID=dna1.54;note=dna2
dna1	wordmatch	sequence_feature	25	30	1	+	.	ID=dna1.55;note=dna2
dna1	wordmatch	sequence_feature	44	49	1	+	.	ID=dna1.56;note=dna2
dna1	wordmatch	sequence_feature	64	69	1	+	.	ID=dna1.57;note=dna2
dna1	wordmatch	sequence_feature	103	112	1	+	.	ID=dna1.58;note=dna2
dna1	wordmatch	sequence_feature	107	112	1	+	.	ID=dna1.59;note=dna2
dna1	wordmatch	sequence_feature	21	26	1	+	.	ID=dna1.60;note=dna2
dna1	wordmatch	sequence_feature	25	30	1	+	.	ID=dna1.61;note=dna2
dna1	wordmatch	sequence_feature	44	61	1	+	.	ID=dna1.62;note=dna2
dna1	wordmatch	sequence_feature	64	81	1	+	.	ID=dna1.63;note=dna2
dna1	wordmatch	sequence_feature	103	108	1	+	.	ID=dna1.64;note=dna2
dna1	wordmatch	sequence_feature	107	124	1	+	.	ID=dna1.65;note=dna2
dna1	wordmatch	sequence_feature	4	16	1	+	.	ID=dna1.66;note=dna2
dna1	wordmatch	sequence_feature	8	16	1	+	.	ID=dna1.67;note=dna2
dna1	wordmatch	sequence_feature	12	16	1	+	.	ID=dna1.68;note=dna2
dna1	wordmatch	sequence_feature	32	41	1	+	.	ID=dna1.69;note=dna2
dna1	wordmatch	sequence_feature	36	41	1	+	.	ID=dna1.70;note=dna2
dna1	wordmatch	sequence_feature	52	61	1	+	.	ID=dna1.71;note=dna2
dna1	wordmatch	sequence_feature	56	61	1	+	.	ID=dna1.72;note=dna2
dna1	wordmatch	sequence_feature	72	81	1	+	.	ID=dna1.73;note=dna2
dna1	wordmatch	sequence_feature	76	81	1	+	.	ID=dna1.74;note=dna2
dna1	wordmatch	sequence_feature	95	100	1	+	.	ID=dna1.75;note=dna2
dna1	wordmatch	sequence_feature	115	124	1	+	.	ID=dna1.76;note=dna2
dna1	wordmatch	sequence_feature	119	124	1	+	.	ID=dna1.77;note=dna2
##gff-version 3
##sequence-region dna2 1 124
#!Date 2026-09-26
#!Type DNA
#!Source-version EMBOSS 6.6.0.0
dna2	wordmatch	sequence_feature	103	115	1	+	.	ID=dna2.1;note=dna1
dna2	wordmatch	sequence_feature	107	119	1	+	.	ID=dna2.2;note=dna1
dna2	wordmatch	sequence_feature	111	123	1	+	.	ID=dna2.3;note=dna1
dna2	wordmatch	sequence_feature	115	124	1	+	.	ID=dna2.4;note=dna1
dna2	wordmatch	sequence_feature	119	124	1	+	.	ID=dna2.5;note=dna1
dna2	wordmatch	sequence_feature	25	36	1	+	.	ID=dna2.6;note=dna1
dna2	wordmatch	sequence_feature	29	40	1	+	.	ID=dna2.7;note=dna1
dna2	wordmatch	sequence_feature	33	44	1	+	.	ID=dna2.8;note=dna1
dna2	wordmatch	sequence_feature	37	48	1	+	.	ID=dna2.9;note=dna1
dna2	wordmatch	sequence_feature	41	52	1	+	.	ID=dna2.10;note=dna1
dna2	wordmatch	sequence_feature	45	56	1	+	.	ID=dna2.11;note=dna1
dna2	wordmatch	sequence_feature	49	60	1	+	.	ID=dna2.12;note=dna1
dna2	wordmatch	sequence_feature	53	64	1	+	.	ID=dna2.13;note=dna1
dna2	wordmatch	sequence_feature	57	68	1	+	.	ID=dna2.14;note=dna1
dna2	wordmatch	sequence_feature	61	72	1	+	.	ID=dna2.15;note=dna1
dna2	wordmatch	sequence_feature	65	76	1	+	.	ID=dna2.16;note=dna1
dna2	wordmatch	sequence_feature	69	80	1	+	.	ID=dna2.17;note=dna1
dna2	wordmatch	sequence_feature	73	84	1	+	.	ID=dna2.18;note=dna1
dna2	wordmatch	sequence_feature	77	88	1	+	.	ID=dna2.19;note=dna1
dna2	wordmatch	sequence_feature	81	92	1	+	.	ID=dna2.20;note=dna1
dna2	wordmatch	sequence_feature	85	96	1	+	.	ID=dna2.21;note=dna1
dna2	wordmatch	sequence_feature	89	100	1	+	.	ID=dna2.22;note=dna1
dna2	wordmatch	sequence_feature	93	100	1	+	.	ID=dna2.23;note=dna1
dna2	wordmatch	sequence_feature	97	100	1	+	.	ID=dna2.24;note=dna1
dna2	wordmatch	sequence_feature	9	12	1	+	.	ID=dna2.25;note=dna1
dna2	wordmatch	sequence_feature	21	24	1	+	.	ID=dna2.26;note=dna1
dna2	wordmatch	sequence_feature	103	112	1	+	.	ID=dna2.27;note=dna1
dna2	wordmatch	sequence_feature	107	116	1	+	.	ID=dna2.28;note=dna1
dna2	wordmatch	sequence_feature	111	120	1	+	.	ID=dna2.29;note=dna1
dna2	wordmatch	sequence_feature	115	124	1	+	.	ID=dna2.30;note=dna1
dna2	wordmatch	sequence_feature	119	124	1	+	.	ID=dna2.31;note=dna1
dna2	wordmatch	sequence_feature	25	32	1	+	.	ID=dna2.32;note=dna1
dna2	wordmatch	sequence_feature	29	36	1	+	.	ID=dna2.33;note=dna1
dna2	wordmatch	sequence_feature	33	40	1	+	.	ID=dna2.34;note=dna1
dna2	wordmatch	sequence_feature	37	44	1	+	.	ID=dna2.35;note=dna1
dna2	wordmatch	sequence_feature	41	48	1	+	.	ID=dna2.36;note=dna1
dna2	wordmatch	sequence_feature	45	52	1	+	.	ID=dna2.37;note=dna1
dna2	wordmatch	sequence_feature	49	56	1	+	.	ID=dna2.38;note=dna1
dna2	wordmatch	sequence_feature	53	60	1	+	.	ID=dna2.39;note=dna1
dna2	wordmatch	sequence_feature	57	64	1	+	.	ID=dna2.40;note=dna1
dna2	wordmatch	sequence_feature	61	68	1	+	.	ID=dna2.41;note=dna1
dna2	wordmatch	sequence_feature	65	72	1	+	.	ID=dna2.42;note=dna1
dna2	wordmatch	sequence_feature	69	76	1	+	.	ID=dna2.43;note=dna1
dna2	wordmatch	sequence_feature	73	80	1	+	.	ID=dna2.44;note=dna1
dna2	wordmatch	sequence_feature	77	84	1	+	.	ID=dna2.45;note=dna1
dna2	wordmatch	sequence_feature	81	88	1	+	.	ID=dna2.46;note=dna1
dna2	wordmatch	sequence_feature	85	92	1	+	.	ID=dna2.47;note=dna1
dna2	wordmatch	sequence_feature	89	96	1	+	.	ID=dna2.48;note=dna1
dna2	wordmatch	sequence_feature	93	112	1	+	.	ID=dna2.49;note=dna1
dna2	wordmatch	sequence_feature	97	100	1	+	.	ID=dna2.50;note=dna1
dna2	wordmatch	sequence_feature	25	32	1	+	.	ID=dna2.51;note=dna1
dna2	wordmatch	sequence_feature	29	36	1	+	.	ID=dna2.52;note=dna1
dna2	wordmatch	sequence_feature	33	40	1	+	.	ID=dna2.53;note=dna1
dna2	wordmatch	sequence_feature	37	44	1	+	.	ID=dna2.54;note=dna1
dna2	wordmatch	sequence_feature	41	48	1	+	.	ID=dna2.55;note=dna1
dna2	wordmatch	sequence_feature	45	52	1	+	.	ID=dna2.56;note=dna1
dna2	wordmatch	sequence_feature	49	56	1	+	.	ID=dna2.57;note=dna1
dna2	wordmatch	sequence_feature	53	60	1	+	.	ID=dna2.58;note=dna1
dna2	wordmatch	sequence_feature	57	64	1	+	.	ID=dna2.59;note=dna1
dna2	wordmatch	sequence_feature	61	68	1	+	.	ID=dna2.60;note=dna1
dna2	wordmatch	sequence_feature	65	72	1	+	.	ID=dna2.61;note=dna1
dna2	wordmatch	sequence_feature	69	76	1	+	.	ID=dna2.62;note=dna1
dna2	wordmatch	sequence_feature	73	80	1	+	.	ID=dna2.63;note=dna1
dna2	wordmatch	sequence_feature	77	84	1	+	.	ID=dna2.64;note=dna1
dna2	wordmatch	sequence_feature	81	88	1	+	.	ID=dna2.65;note=dna1
dna2	wordmatch	sequence_feature	85	92	1	+	.	ID=dna2.66;note=dna1
dna2	wordmatch	sequence_feature	89	96	1	+	.	ID=dna2.67;note=dna1
dna2	wordmatch	sequence_feature	93	112	1	+	.	ID=dna2.68;note=dna1
dna2	wordmatch	sequence_feature	97	100	1	+	.	ID=dna2.69;note=dna1
dna2	wordmatch	sequence_feature	7	12	1	+	.	ID=dna2.70;note=dna1
dna2	wordmatch	sequence_feature	19	25	1	+	.	ID=dna2.71;note=dna1
dna2	wordmatch	sequence_feature	1	4	1	+	.	ID=dna2.72;note=dna1
dna2	wordmatch	sequence_feature	13	16	1	+	.	ID=dna2.73;note=dna1
dna2	wordmatch	sequence_feature	101	108	1	+	.	ID=dna2.74;note=dna1
dna2	wordmatch	sequence_feature	105	112	1	+	.	ID=dna2.75;note=dna1
dna2	wordmatch	sequence_feature	109	116	1	+	.	ID=dna2.76;note=dna1
dna2	wordmatch	sequence_feature	113	120	1	+	.	ID=dna2.77;note=dna1
dna2	wordmatch	sequence_feature	117	124	1	+	.	ID=dna2.78;note=dna1
dna2	wordmatch	sequence_feature	121	124	1	+	.	ID=dna2.79;note=dna1
dna2	wordmatch	sequence_feature	25	36	1	+	.	ID=dna2.80;note=dna1
dna2	wordmatch	sequence_feature	29	40	1	+	.	ID=dna2.81;note=dna1
dna2	wordmatch	sequence_feature	33	44	1	+	.	ID=dna2.82;note=dna1
dna2	wordmatch	sequence_feature	37	48	1	+	.	ID=dna2.83;note=dna1
dna2	wordmatch	sequence_feature	41	52	1	+	.	ID=dna2.84;note=dna1
dna2	wordmatch	sequence_feature	45	56	1	+	.	ID=dna2.85;note=dna1
dna2	wordmatch	sequence_feature	49	60	1	+	.	ID=dna2.86;note=dna1
dna2	wordmatch	sequence_feature	53	64	1	+	.	ID=dna2.87;note=dna1
dna2	wordmatch	sequence_feature	57	68	1	+	.	ID=dna2.88;note=dna1
dna2	wordmatch	sequence_feature	61	72	1	+	.	ID=dna2.89;note=dna1
dna2	wordmatch	sequence_feature	65	76	1	+	.	ID=dna2.90;note=dna1
dna2	wordmatch	sequence_feature	69	80	1	+	.	ID=dna2.91;note=dna1
dna2	wordmatch	sequence_feature	73	84	1	+	.	ID=dna2.92;note=dna1
dna2	wordmatch	sequence_feature	77	88	1	+	.	ID=dna2.93;note=dna1
dna2	wordmatch	sequence_feature	81	92	1	+	.	ID=dna2.94;note=dna1
dna2	wordmatch	sequence_feature	85	96	1	+	.	ID=dna2.95;note=dna1
dna2	wordmatch	sequence_feature	89	112	1	+	.	ID=dna2.96;note=dna1
dna2	wordmatch	sequence_feature	93	100	1	+	.	ID=dna2.97;note=dna1
dna2	wordmatch	sequence_feature	97	100	1	+	.	ID=dna2.98;note=dna1
dna2	wordmatch	sequence_feature	1	124	1	+	.	ID=dna2.99;note=dna2
dna2	wordmatch	sequence_feature	13	24	1	+	.	ID=dna2.100;note=dna2
