>dna1_88 %GC 40.0 Score 7 
AAATTTAGCTAGCATCGATCGAT
>dna1_89 %GC 40.0 Score 7 
AATTTAGCTAGCATCGATCGATC
>dna1_34 %GC 50.0 Score 6 
TAGCTAGCATCGATCGTAGCTAG
>dna1_38 %GC 50.0 Score 6 
TAGCATCGATCGTAGCTAGCTAG
>dna1_41 %GC 50.0 Score 6 
CATCGATCGTAGCTAGCTAGCAT
>dna1_45 %GC 50.0 Score 6 
GATCGTAGCTAGCTAGCATCGAT
>dna1_50 %GC 50.0 Score 6 
TAGCTAGCTAGCATCGATCGTAG
>dna1_54 %GC 50.0 Score 6 
TAGCTAGCATCGATCGTAGCTAG
>dna1_58 %GC 50.0 Score 6 
TAGCATCGATCGTAGCTAGCTAG
>dna1_61 %GC 50.0 Score 6 
CATCGATCGTAGCTAGCTAGCCC
>dna1_74 %GC 50.0 Score 6 
TAGCTAGCCCCGGGAAATTTAGC
>dna1_78 %GC 50.0 Score 6 
TAGCCCCGGGAAATTTAGCTAGC
>dna1_93 %GC 50.0 Score 6 
TAGCTAGCATCGATCGATCGTAG
>dna1_97 %GC 50.0 Score 6 
TAGCATCGATCGATCGTAGCTAG
>dna1_100 %GC 50.0 Score 6 
CATCGATCGATCGTAGCTAGCTA
>dna1_6 %GC 55.0 Score 5 
TAGCTAGCTAGGCATCGATCGAT
>dna1_10 %GC 55.0 Score 5 
TAGCTAGGCATCGATCGATCGGG
>dna1_18 %GC 55.0 Score 5 
CATCGATCGATCGGGCTAGCTAG
>dna1_22 %GC 55.0 Score 5 
GATCGATCGGGCTAGCTAGCATC
>dna1_26 %GC 55.0 Score 5 
GATCGGGCTAGCTAGCATCGATC
>dna1_70 %GC 60.0 Score 5 
TAGCTAGCTAGCCCCGGGAAATT
>dna1_14 %GC 60.0 Score 4 
TAGGCATCGATCGATCGGGCTAG
>dna1_65 %GC 60.0 Score 4 
GATCGTAGCTAGCTAGCCCCGGG
>dna1_87 %GC 35.0 Score 2 
GAAATTTAGCTAGCATCGATCGA
