IEP of dna1 from 1 to 124
Isoelectric Point = 5.2390

   pH     Bound    Charge
  1.00    33.00     1.00
  1.50    32.99     0.99
  2.00    32.98     0.98
  2.50    32.93     0.93
  3.00    32.80     0.80
  3.50    32.56     0.56
  4.00    32.28     0.28
  4.50    32.11     0.11
  5.00    32.03     0.03
  5.50    31.97    -0.03
  6.00    31.88    -0.12
  6.50    31.60    -0.40
  7.00    30.81    -1.19
  7.50    28.68    -3.32
  8.00    23.79    -8.21
  8.50    15.59   -16.41
  9.00     7.48   -24.52
  9.50     2.83   -29.17
 10.00     0.95   -31.05
 10.50     0.31   -31.69
 11.00     0.10   -31.90
 11.50     0.03   -31.97
 12.00     0.01   -31.99
 12.50     0.00   -32.00
 13.00     0.00   -32.00
 13.50     0.00   -32.00
 14.00     0.00   -32.00
IEP of dna2 from 1 to 124
Isoelectric Point = 5.2390

   pH     Bound    Charge
  1.00    33.00     1.00
  1.50    32.99     0.99
  2.00    32.98     0.98
  2.50    32.93     0.93
  3.00    32.80     0.80
  3.50    32.56     0.56
  4.00    32.28     0.28
  4.50    32.11     0.11
  5.00    32.03     0.03
  5.50    31.97    -0.03
  6.00    31.88    -0.12
  6.50    31.60    -0.40
  7.00    30.81    -1.19
  7.50    28.68    -3.32
  8.00    23.79    -8.21
  8.50    15.59   -16.41
  9.00     7.48   -24.52
  9.50     2.83   -29.17
 10.00     0.95   -31.05
 10.50     0.31   -31.69
 11.00     0.10   -31.90
 11.50     0.03   -31.97
 12.00     0.01   -31.99
 12.50     0.00   -32.00
 13.00     0.00   -32.00
 13.50     0.00   -32.00
 14.00     0.00   -32.00
