FREAK of dna1 from 1 to 124 Window 30 Step 1

1          0.533333
2          0.566667
3          0.600000
4          0.600000
5          0.566667
6          0.533333
7          0.566667
8          0.600000
9          0.566667
10         0.533333
11         0.566667
12         0.600000
13         0.566667
14         0.533333
15         0.566667
16         0.600000
17         0.566667
18         0.533333
19         0.533333
20         0.566667
21         0.566667
22         0.533333
23         0.533333
24         0.566667
25         0.566667
26         0.533333
27         0.533333
28         0.566667
29         0.566667
30         0.533333
31         0.533333
32         0.533333
33         0.500000
34         0.466667
35         0.500000
36         0.533333
37         0.500000
38         0.466667
39         0.500000
40         0.533333
41         0.500000
42         0.466667
43         0.500000
44         0.533333
45         0.500000
46         0.466667
47         0.500000
48         0.533333
49         0.500000
50         0.466667
51         0.500000
52         0.533333
53         0.533333
54         0.533333
55         0.566667
56         0.600000
57         0.600000
58         0.600000
59         0.600000
60         0.600000
61         0.566667
62         0.533333
63         0.533333
64         0.533333
65         0.500000
66         0.500000
67         0.533333
68         0.533333
69         0.500000
70         0.500000
71         0.533333
72         0.533333
73         0.500000
74         0.500000
75         0.533333
76         0.533333
77         0.500000
78         0.500000
79         0.533333
80         0.533333
81         0.500000
82         0.500000
83         0.500000
84         0.466667
85         0.433333
86         0.433333
87         0.433333
88         0.400000
89         0.400000
90         0.433333
91         0.466667
92         0.466667
93         0.466667
94         0.500000
95         0.533333
FREAK of dna2 from 1 to 124 Window 30 Step 1

1          0.466667
2          0.500000
3          0.533333
4          0.533333
5          0.533333
6          0.566667
7          0.600000
8          0.566667
9          0.533333
10         0.533333
11         0.533333
12         0.500000
13         0.466667
14         0.500000
15         0.533333
16         0.533333
17         0.533333
18         0.566667
19         0.600000
20         0.566667
21         0.533333
22         0.533333
23         0.533333
24         0.500000
25         0.466667
26         0.500000
27         0.533333
28         0.500000
29         0.466667
30         0.500000
31         0.533333
32         0.500000
33         0.466667
34         0.500000
35         0.533333
36         0.500000
37         0.466667
38         0.500000
39         0.533333
40         0.500000
41         0.466667
42         0.500000
43         0.533333
44         0.500000
45         0.466667
46         0.500000
47         0.533333
48         0.500000
49         0.466667
50         0.500000
51         0.533333
52         0.500000
53         0.466667
54         0.500000
55         0.533333
56         0.500000
57         0.466667
58         0.500000
59         0.533333
60         0.500000
61         0.466667
62         0.500000
63         0.533333
64         0.500000
65         0.466667
66         0.500000
67         0.533333
68         0.500000
69         0.466667
70         0.500000
71         0.533333
72         0.500000
73         0.466667
74         0.500000
75         0.533333
76         0.500000
77         0.466667
78         0.500000
79         0.533333
80         0.500000
81         0.466667
82         0.500000
83         0.533333
84         0.500000
85         0.466667
86         0.500000
87         0.533333
88         0.500000
89         0.466667
90         0.500000
91         0.533333
92         0.500000
93         0.466667
94         0.500000
95         0.533333
