Base   Bend      Curve
A       0.0      0.0
T      19.7      0.0
G      25.2      0.0
G      28.5      0.0
C      16.1      0.0
T       7.2      0.0
A      16.1      0.0
G      24.5      0.0
C      16.1      0.0
T       7.2      0.0
A      16.1      0.0
G      24.5      0.0
C      16.1      0.0
T       7.2      0.0
A      12.5      0.0
G      25.2      0.0
G      26.2      0.0
C      20.7      0.0
A      19.5      0.0
T      22.1      0.0
C      26.9      5.1
G      22.1      5.9
A      17.3      6.6
T      22.1      7.0
C      26.9      6.7
G      22.1      6.3
A      17.3      6.4
T      22.1      6.8
C      21.1      7.2
G      17.5      7.4
G      26.2      7.3
G      28.5      7.0
C      16.1      7.0
T       7.2      7.0
A      16.1      6.8
G      24.5      6.5
C      16.1      6.1
T       7.2      5.8
A      16.1      5.9
G      22.1      6.2
C      20.7      6.4
A      19.5      6.6
T      22.1      6.4
C      26.9      6.3
G      22.1      6.6
A      17.3      7.1
T      22.1      7.7
C      22.3      8.2
G      14.9      8.1
T       9.7      8.1
A      16.1      8.4
G      24.5      8.9
C      16.1      9.7
T       7.2     10.0
A      16.1      9.4
G      24.5      8.5
C      16.1      7.6
T       7.2      7.0
A      16.1      6.8
G      22.1      6.7
C      20.7      6.1
A      19.5      5.3
T      22.1      4.5
C      26.9      3.9
G      22.1      3.9
A      17.3      4.0
T      22.1      4.2
C      22.3      4.6
G      14.9      5.1
T       9.7      5.9
A      16.1      6.8
G      24.5      7.5
C      16.1      8.2
T       7.2      8.6
A      16.1      8.8
G      24.5      9.1
C      16.1      9.3
T       7.2      9.7
A      16.1     10.3
G      28.5     10.6
C      26.2     10.4
C      19.7      9.9
C      17.5      9.3
C      15.3      9.1
G      17.5      9.3
G      16.1      9.5
G      11.0      9.7
A       5.0      9.8
A       1.3      9.7
A       2.4      9.8
T       1.3     10.0
T       3.4     10.3
T       6.8     10.6
A      16.1     10.7
G      24.5     10.7
C      16.1     10.8
T       7.2     10.8
A      16.1     10.7
G      22.1     10.6
C      20.7     10.2
A      19.5      9.7
T      22.1      9.1
C      26.9     12.4
G      22.1      0.0
A      17.3      0.0
T      22.1      0.0
C      26.9      0.0
G      22.1      0.0
A      17.3      0.0
T      22.1      0.0
C      22.3      0.0
G      14.9      0.0
T       9.7      0.0
A      16.1      0.0
G      24.5      0.0
C      16.1      0.0
T       7.2      0.0
A      16.1      0.0
G      24.5      0.0
C      16.1      0.0
T       7.2      0.0
A      16.1      0.0
G       0.0      0.0
C       0.0      0.0
