HMOMENT of dna1 from 1 to 124

Window: 10 Angle: 100 Max uH: 0.174
Position	uH
1		0.128
2		0.156
3		0.154
4		0.145
5		0.104
6		0.157
7		0.152
8		0.127
9		0.077
10		0.136
11		0.133
12		0.093
13		0.080
14		0.134
15		0.136
16		0.072
17		0.117
18		0.150
19		0.157
20		0.104
21		0.145
22		0.154
23		0.103
24		0.062
25		0.056
26		0.043
27		0.043
28		0.056
29		0.062
30		0.103
31		0.154
32		0.145
33		0.096
34		0.103
35		0.078
36		0.015
37		0.063
38		0.091
39		0.077
40		0.117
41		0.165
42		0.103
43		0.116
44		0.111
45		0.123
46		0.092
47		0.162
48		0.134
49		0.114
50		0.157
51		0.152
52		0.145
53		0.096
54		0.103
55		0.078
56		0.015
57		0.063
58		0.091
59		0.077
60		0.117
61		0.165
62		0.103
63		0.116
64		0.111
65		0.123
66		0.092
67		0.162
68		0.134
69		0.114
70		0.157
71		0.152
72		0.145
73		0.095
74		0.123
75		0.108
76		0.066
77		0.036
78		0.084
79		0.040
80		0.048
81		0.054
82		0.068
83		0.045
84		0.034
85		0.070
86		0.080
87		0.051
88		0.015
89		0.074
90		0.111
91		0.089
92		0.109
93		0.103
94		0.078
95		0.015
96		0.063
97		0.091
98		0.077
99		0.117
100		0.150
101		0.157
102		0.104
103		0.145
104		0.174
105		0.103
106		0.116
107		0.111
108		0.123
109		0.092
110		0.162
111		0.134
112		0.114
113		0.157
114		0.152
115		0.145
HMOMENT of dna2 from 1 to 124

Window: 10 Angle: 100 Max uH: 0.174
Position	uH
1		0.016
2		0.034
3		0.060
4		0.059
5		0.051
6		0.022
7		0.060
8		0.066
9		0.029
10		0.015
11		0.044
12		0.051
13		0.016
14		0.034
15		0.060
16		0.048
17		0.099
18		0.050
19		0.060
20		0.089
21		0.107
22		0.075
23		0.127
24		0.152
25		0.157
26		0.104
27		0.145
28		0.152
29		0.157
30		0.104
31		0.145
32		0.152
33		0.157
34		0.104
35		0.145
36		0.152
37		0.157
38		0.104
39		0.145
40		0.152
41		0.157
42		0.104
43		0.145
44		0.152
45		0.157
46		0.104
47		0.145
48		0.152
49		0.157
50		0.104
51		0.145
52		0.152
53		0.157
54		0.104
55		0.145
56		0.152
57		0.157
58		0.104
59		0.145
60		0.152
61		0.157
62		0.104
63		0.145
64		0.152
65		0.157
66		0.104
67		0.145
68		0.152
69		0.157
70		0.104
71		0.145
72		0.152
73		0.157
74		0.104
75		0.145
76		0.152
77		0.157
78		0.104
79		0.145
80		0.152
81		0.157
82		0.104
83		0.145
84		0.152
85		0.157
86		0.104
87		0.145
88		0.152
89		0.157
90		0.104
91		0.145
92		0.174
93		0.103
94		0.116
95		0.111
96		0.123
97		0.092
98		0.162
99		0.134
100		0.114
101		0.157
102		0.152
103		0.145
104		0.104
105		0.157
106		0.152
107		0.145
108		0.104
109		0.157
110		0.152
111		0.145
112		0.104
113		0.157
114		0.152
115		0.145
