##gff-version 3
##sequence-region dna1 1 124
#!Date 2026-09-26
#!Type DNA
#!Source-version EMBOSS 6.6.0.0
dna1	wordmatch	sequence_feature	1	124	1	+	.	ID=dna1.1;note=dna1
##gff-version 3
##sequence-region dna1 1 124
#!Date 2026-09-26
#!Type DNA
#!Source-version EMBOSS 6.6.0.0
dna1	wordmatch	sequence_feature	4	16	1	+	.	ID=dna1.1;note=dna2
dna1	wordmatch	sequence_feature	4	16	1	+	.	ID=dna1.2;note=dna2
dna1	wordmatch	sequence_feature	4	16	1	+	.	ID=dna1.3;note=dna2
dna1	wordmatch	sequence_feature	4	13	1	+	.	ID=dna1.4;note=dna2
dna1	wordmatch	sequence_feature	4	9	1	+	.	ID=dna1.5;note=dna2
dna1	wordmatch	sequence_feature	19	30	1	+	.	ID=dna1.6;note=dna2
dna1	wordmatch	sequence_feature	19	30	1	+	.	ID=dna1.7;note=dna2
dna1	wordmatch	sequence_feature	19	30	1	+	.	ID=dna1.8;note=dna2
dna1	wordmatch	sequence_feature	19	30	1	+	.	ID=dna1.9;note=dna2
dna1	wordmatch	sequence_feature	19	30	1	+	.	ID=dna1.10;note=dna2
dna1	wordmatch	sequence_feature	19	30	1	+	.	ID=dna1.11;note=dna2
dna1	wordmatch	sequence_feature	19	30	1	+	.	ID=dna1.12;note=dna2
dna1	wordmatch	sequence_feature	19	30	1	+	.	ID=dna1.13;note=dna2
dna1	wordmatch	sequence_feature	19	30	1	+	.	ID=dna1.14;note=dna2
dna1	wordmatch	sequence_feature	19	30	1	+	.	ID=dna1.15;note=dna2
dna1	wordmatch	sequence_feature	19	30	1	+	.	ID=dna1.16;note=dna2
dna1	wordmatch	sequence_feature	19	30	1	+	.	ID=dna1.17;note=dna2
dna1	wordmatch	sequence_feature	19	30	1	+	.	ID=dna1.18;note=dna2
dna1	wordmatch	sequence_feature	19	30	1	+	.	ID=dna1.19;note=dna2
dna1	wordmatch	sequence_feature	19	30	1	+	.	ID=dna1.20;note=dna2
dna1	wordmatch	sequence_feature	19	30	1	+	.	ID=dna1.21;note=dna2
dna1	wordmatch	sequence_feature	19	30	1	+	.	ID=dna1.22;note=dna2
dna1	wordmatch	sequence_feature	19	26	1	+	.	ID=dna1.23;note=dna2
dna1	wordmatch	sequence_feature	19	22	1	+	.	ID=dna1.24;note=dna2
dna1	wordmatch	sequence_feature	29	32	1	+	.	ID=dna1.25;note=dna2
dna1	wordmatch	sequence_feature	29	32	1	+	.	ID=dna1.26;note=dna2
dna1	wordmatch	sequence_feature	32	41	1	+	.	ID=dna1.27;note=dna2
dna1	wordmatch	sequence_feature	32	41	1	+	.	ID=dna1.28;note=dna2
dna1	wordmatch	sequence_feature	32	41	1	+	.	ID=dna1.29;note=dna2
dna1	wordmatch	sequence_feature	32	41	1	+	.	ID=dna1.30;note=dna2
dna1	wordmatch	sequence_feature	32	37	1	+	.	ID=dna1.31;note=dna2
dna1	wordmatch	sequence_feature	42	49	1	+	.	ID=dna1.32;note=dna2
dna1	wordmatch	sequence_feature	42	49	1	+	.	ID=dna1.33;note=dna2
dna1	wordmatch	sequence_feature	42	49	1	+	.	ID=dna1.34;note=dna2
dna1	wordmatch	sequence_feature	42	49	1	+	.	ID=dna1.35;note=dna2
dna1	wordmatch	sequence_feature	42	49	1	+	.	ID=dna1.36;note=dna2
dna1	wordmatch	sequence_feature	42	49	1	+	.	ID=dna1.37;note=dna2
dna1	wordmatch	sequence_feature	42	49	1	+	.	ID=dna1.38;note=dna2
dna1	wordmatch	sequence_feature	42	49	1	+	.	ID=dna1.39;note=dna2
dna1	wordmatch	sequence_feature	42	49	1	+	.	ID=dna1.40;note=dna2
dna1	wordmatch	sequence_feature	42	49	1	+	.	ID=dna1.41;note=dna2
dna1	wordmatch	sequence_feature	42	49	1	+	.	ID=dna1.42;note=dna2
dna1	wordmatch	sequence_feature	42	49	1	+	.	ID=dna1.43;note=dna2
dna1	wordmatch	sequence_feature	42	49	1	+	.	ID=dna1.44;note=dna2
dna1	wordmatch	sequence_feature	42	49	1	+	.	ID=dna1.45;note=dna2
dna1	wordmatch	sequence_feature	42	49	1	+	.	ID=dna1.46;note=dna2
dna1	wordmatch	sequence_feature	42	49	1	+	.	ID=dna1.47;note=dna2
dna1	wordmatch	sequence_feature	42	49	1	+	.	ID=dna1.48;note=dna2
dna1	wordmatch	sequence_feature	42	61	1	+	.	ID=dna1.49;note=dna2
dna1	wordmatch	sequence_feature	42	45	1	+	.	ID=dna1.50;note=dna2
dna1	wordmatch	sequence_feature	62	69	1	+	.	ID=dna1.51;note=dna2
dna1	wordmatch	sequence_feature	62	69	1	+	.	ID=dna1.52;note=dna2
dna1	wordmatch	sequence_feature	62	69	1	+	.	ID=dna1.53;note=dna2
dna1	wordmatch	sequence_feature	62	69	1	+	.	ID=dna1.54;note=dna2
dna1	wordmatch	sequence_feature	62	69	1	+	.	ID=dna1.55;note=dna2
dna1	wordmatch	sequence_feature	62	69	1	+	.	ID=dna1.56;note=dna2
dna1	wordmatch	sequence_feature	62	69	1	+	.	ID=dna1.57;note=dna2
dna1	wordmatch	sequence_feature	62	69	1	+	.	ID=dna1.58;note=dna2
dna1	wordmatch	sequence_feature	62	69	1	+	.	ID=dna1.59;note=dna2
dna1	wordmatch	sequence_feature	62	69	1	+	.	ID=dna1.60;note=dna2
dna1	wordmatch	sequence_feature	62	69	1	+	.	ID=dna1.61;note=dna2
dna1	wordmatch	sequence_feature	62	69	1	+	.	ID=dna1.62;note=dna2
dna1	wordmatch	sequence_feature	62	69	1	+	.	ID=dna1.63;note=dna2
dna1	wordmatch	sequence_feature	62	69	1	+	.	ID=dna1.64;note=dna2
dna1	wordmatch	sequence_feature	62	69	1	+	.	ID=dna1.65;note=dna2
dna1	wordmatch	sequence_feature	62	69	1	+	.	ID=dna1.66;note=dna2
dna1	wordmatch	sequence_feature	62	69	1	+	.	ID=dna1.67;note=dna2
dna1	wordmatch	sequence_feature	62	81	1	+	.	ID=dna1.68;note=dna2
dna1	wordmatch	sequence_feature	62	65	1	+	.	ID=dna1.69;note=dna2
dna1	wordmatch	sequence_feature	82	87	1	+	.	ID=dna1.70;note=dna2
dna1	wordmatch	sequence_feature	82	88	1	+	.	ID=dna1.71;note=dna2
dna1	wordmatch	sequence_feature	91	94	1	+	.	ID=dna1.72;note=dna2
dna1	wordmatch	sequence_feature	91	94	1	+	.	ID=dna1.73;note=dna2
dna1	wordmatch	sequence_feature	93	100	1	+	.	ID=dna1.74;note=dna2
dna1	wordmatch	sequence_feature	93	100	1	+	.	ID=dna1.75;note=dna2
dna1	wordmatch	sequence_feature	93	100	1	+	.	ID=dna1.76;note=dna2
dna1	wordmatch	sequence_feature	93	100	1	+	.	ID=dna1.77;note=dna2
dna1	wordmatch	sequence_feature	93	100	1	+	.	ID=dna1.78;note=dna2
dna1	wordmatch	sequence_feature	93	96	1	+	.	ID=dna1.79;note=dna2
dna1	wordmatch	sequence_feature	101	112	1	+	.	ID=dna1.80;note=dna2
dna1	wordmatch	sequence_feature	101	112	1	+	.	ID=dna1.81;note=dna2
dna1	wordmatch	sequence_feature	101	112	1	+	.	ID=dna1.82;note=dna2
dna1	wordmatch	sequence_feature	101	112	1	+	.	ID=dna1.83;note=dna2
dna1	wordmatch	sequence_feature	101	112	1	+	.	ID=dna1.84;note=dna2
dna1	wordmatch	sequence_feature	101	112	1	+	.	ID=dna1.85;note=dna2
dna1	wordmatch	sequence_feature	101	112	1	+	.	ID=dna1.86;note=dna2
dna1	wordmatch	sequence_feature	101	112	1	+	.	ID=dna1.87;note=dna2
dna1	wordmatch	sequence_feature	101	112	1	+	.	ID=dna1.88;note=dna2
dna1	wordmatch	sequence_feature	101	112	1	+	.	ID=dna1.89;note=dna2
dna1	wordmatch	sequence_feature	101	112	1	+	.	ID=dna1.90;note=dna2
dna1	wordmatch	sequence_feature	101	112	1	+	.	ID=dna1.91;note=dna2
dna1	wordmatch	sequence_feature	101	112	1	+	.	ID=dna1.92;note=dna2
dna1	wordmatch	sequence_feature	101	112	1	+	.	ID=dna1.93;note=dna2
dna1	wordmatch	sequence_feature	101	112	1	+	.	ID=dna1.94;note=dna2
dna1	wordmatch	sequence_feature	101	112	1	+	.	ID=dna1.95;note=dna2
dna1	wordmatch	sequence_feature	101	124	1	+	.	ID=dna1.96;note=dna2
dna1	wordmatch	sequence_feature	101	108	1	+	.	ID=dna1.97;note=dna2
dna1	wordmatch	sequence_feature	101	104	1	+	.	ID=dna1.98;note=dna2
##gff-version 3
##sequence-region dna2 1 124
#!Date 2026-09-26
#!Type DNA
#!Source-version EMBOSS 6.6.0.0
dna2	wordmatch	sequence_feature	1	4	1	+	.	ID=dna2.1;note=dna1
dna2	wordmatch	sequence_feature	7	12	1	+	.	ID=dna2.2;note=dna1
dna2	wordmatch	sequence_feature	13	16	1	+	.	ID=dna2.3;note=dna1
dna2	wordmatch	sequence_feature	19	25	1	+	.	ID=dna2.4;note=dna1
dna2	wordmatch	sequence_feature	24	32	1	+	.	ID=dna2.5;note=dna1
dna2	wordmatch	sequence_feature	24	28	1	+	.	ID=dna2.6;note=dna1
dna2	wordmatch	sequence_feature	24	28	1	+	.	ID=dna2.7;note=dna1
dna2	wordmatch	sequence_feature	24	28	1	+	.	ID=dna2.8;note=dna1
dna2	wordmatch	sequence_feature	24	32	1	+	.	ID=dna2.9;note=dna1
dna2	wordmatch	sequence_feature	24	28	1	+	.	ID=dna2.10;note=dna1
dna2	wordmatch	sequence_feature	31	40	1	+	.	ID=dna2.11;note=dna1
dna2	wordmatch	sequence_feature	31	36	1	+	.	ID=dna2.12;note=dna1
dna2	wordmatch	sequence_feature	31	36	1	+	.	ID=dna2.13;note=dna1
dna2	wordmatch	sequence_feature	31	36	1	+	.	ID=dna2.14;note=dna1
dna2	wordmatch	sequence_feature	31	40	1	+	.	ID=dna2.15;note=dna1
dna2	wordmatch	sequence_feature	31	36	1	+	.	ID=dna2.16;note=dna1
dna2	wordmatch	sequence_feature	39	48	1	+	.	ID=dna2.17;note=dna1
dna2	wordmatch	sequence_feature	39	44	1	+	.	ID=dna2.18;note=dna1
dna2	wordmatch	sequence_feature	39	44	1	+	.	ID=dna2.19;note=dna1
dna2	wordmatch	sequence_feature	39	44	1	+	.	ID=dna2.20;note=dna1
dna2	wordmatch	sequence_feature	39	48	1	+	.	ID=dna2.21;note=dna1
dna2	wordmatch	sequence_feature	39	44	1	+	.	ID=dna2.22;note=dna1
dna2	wordmatch	sequence_feature	47	56	1	+	.	ID=dna2.23;note=dna1
dna2	wordmatch	sequence_feature	47	52	1	+	.	ID=dna2.24;note=dna1
dna2	wordmatch	sequence_feature	47	52	1	+	.	ID=dna2.25;note=dna1
dna2	wordmatch	sequence_feature	47	52	1	+	.	ID=dna2.26;note=dna1
dna2	wordmatch	sequence_feature	47	56	1	+	.	ID=dna2.27;note=dna1
dna2	wordmatch	sequence_feature	47	52	1	+	.	ID=dna2.28;note=dna1
dna2	wordmatch	sequence_feature	55	64	1	+	.	ID=dna2.29;note=dna1
dna2	wordmatch	sequence_feature	55	60	1	+	.	ID=dna2.30;note=dna1
dna2	wordmatch	sequence_feature	55	60	1	+	.	ID=dna2.31;note=dna1
dna2	wordmatch	sequence_feature	55	60	1	+	.	ID=dna2.32;note=dna1
dna2	wordmatch	sequence_feature	55	64	1	+	.	ID=dna2.33;note=dna1
dna2	wordmatch	sequence_feature	55	60	1	+	.	ID=dna2.34;note=dna1
dna2	wordmatch	sequence_feature	63	72	1	+	.	ID=dna2.35;note=dna1
dna2	wordmatch	sequence_feature	63	68	1	+	.	ID=dna2.36;note=dna1
dna2	wordmatch	sequence_feature	63	68	1	+	.	ID=dna2.37;note=dna1
dna2	wordmatch	sequence_feature	63	68	1	+	.	ID=dna2.38;note=dna1
dna2	wordmatch	sequence_feature	63	72	1	+	.	ID=dna2.39;note=dna1
dna2	wordmatch	sequence_feature	63	68	1	+	.	ID=dna2.40;note=dna1
dna2	wordmatch	sequence_feature	71	80	1	+	.	ID=dna2.41;note=dna1
dna2	wordmatch	sequence_feature	71	76	1	+	.	ID=dna2.42;note=dna1
dna2	wordmatch	sequence_feature	71	76	1	+	.	ID=dna2.43;note=dna1
dna2	wordmatch	sequence_feature	71	76	1	+	.	ID=dna2.44;note=dna1
dna2	wordmatch	sequence_feature	71	80	1	+	.	ID=dna2.45;note=dna1
dna2	wordmatch	sequence_feature	71	76	1	+	.	ID=dna2.46;note=dna1
dna2	wordmatch	sequence_feature	79	88	1	+	.	ID=dna2.47;note=dna1
dna2	wordmatch	sequence_feature	79	84	1	+	.	ID=dna2.48;note=dna1
dna2	wordmatch	sequence_feature	79	84	1	+	.	ID=dna2.49;note=dna1
dna2	wordmatch	sequence_feature	79	84	1	+	.	ID=dna2.50;note=dna1
dna2	wordmatch	sequence_feature	79	88	1	+	.	ID=dna2.51;note=dna1
dna2	wordmatch	sequence_feature	79	84	1	+	.	ID=dna2.52;note=dna1
dna2	wordmatch	sequence_feature	87	96	1	+	.	ID=dna2.53;note=dna1
dna2	wordmatch	sequence_feature	87	92	1	+	.	ID=dna2.54;note=dna1
dna2	wordmatch	sequence_feature	87	92	1	+	.	ID=dna2.55;note=dna1
dna2	wordmatch	sequence_feature	87	92	1	+	.	ID=dna2.56;note=dna1
dna2	wordmatch	sequence_feature	87	96	1	+	.	ID=dna2.57;note=dna1
dna2	wordmatch	sequence_feature	87	92	1	+	.	ID=dna2.58;note=dna1
dna2	wordmatch	sequence_feature	95	100	1	+	.	ID=dna2.59;note=dna1
dna2	wordmatch	sequence_feature	95	100	1	+	.	ID=dna2.60;note=dna1
dna2	wordmatch	sequence_feature	95	112	1	+	.	ID=dna2.61;note=dna1
dna2	wordmatch	sequence_feature	95	112	1	+	.	ID=dna2.62;note=dna1
dna2	wordmatch	sequence_feature	95	100	1	+	.	ID=dna2.63;note=dna1
dna2	wordmatch	sequence_feature	95	112	1	+	.	ID=dna2.64;note=dna1
dna2	wordmatch	sequence_feature	111	123	1	+	.	ID=dna2.65;note=dna1
dna2	wordmatch	sequence_feature	111	119	1	+	.	ID=dna2.66;note=dna1
dna2	wordmatch	sequence_feature	111	115	1	+	.	ID=dna2.67;note=dna1
dna2	wordmatch	sequence_feature	111	120	1	+	.	ID=dna2.68;note=dna1
dna2	wordmatch	sequence_feature	111	116	1	+	.	ID=dna2.69;note=dna1
dna2	wordmatch	sequence_feature	111	120	1	+	.	ID=dna2.70;note=dna1
dna2	wordmatch	sequence_feature	111	116	1	+	.	ID=dna2.71;note=dna1
dna2	wordmatch	sequence_feature	111	120	1	+	.	ID=dna2.72;note=dna1
dna2	wordmatch	sequence_feature	111	116	1	+	.	ID=dna2.73;note=dna1
dna2	wordmatch	sequence_feature	111	116	1	+	.	ID=dna2.74;note=dna1
dna2	wordmatch	sequence_feature	111	120	1	+	.	ID=dna2.75;note=dna1
dna2	wordmatch	sequence_feature	111	116	1	+	.	ID=dna2.76;note=dna1
##gff-version 3
##sequence-region dna2 1 124
#!Date 2026-09-26
#!Type DNA
#!Source-version EMBOSS 6.6.0.0
dna2	wordmatch	sequence_feature	1	124	1	+	.	ID=dna2.1;note=dna2
dna2	wordmatch	sequence_feature	1	12	1	+	.	ID=dna2.2;note=dna2
