########################################
# Program: wordmatch
# Rundate: Sat 26 Sep 2026 15:11:05
# Commandline: wordmatch
#    -asequence /work/dna.fasta
#    -bsequence /work/dna.fasta
#    -outfile /work/out/emboss_wordmatch/outfile.out
#    -logfile /work/out/emboss_wordmatch/logfile.out
#    -aoutfeat /work/out/emboss_wordmatch/aoutfeat.out
#    -boutfeat /work/out/emboss_wordmatch/boutfeat.out
#    -auto
# Align_format: match
# Report_file: /work/out/emboss_wordmatch/outfile.out
########################################

#=======================================
#
# Aligned_sequences: 2
# 1: dna1
# 2: dna1
#=======================================

   124 dna1            +        1..124      dna1            +        1..124

#=======================================
#
# Aligned_sequences: 2
# 1: dna2
# 2: dna1
#=======================================

    13 dna2            +      103..115      dna1            +        4..16
    13 dna2            +      107..119      dna1            +        4..16
    13 dna2            +      111..123      dna1            +        4..16
    10 dna2            +      115..124      dna1            +        4..13
     6 dna2            +      119..124      dna1            +        4..9
    12 dna2            +       25..36       dna1            +       19..30
    12 dna2            +       29..40       dna1            +       19..30
    12 dna2            +       33..44       dna1            +       19..30
    12 dna2            +       37..48       dna1            +       19..30
    12 dna2            +       41..52       dna1            +       19..30
    12 dna2            +       45..56       dna1            +       19..30
    12 dna2            +       49..60       dna1            +       19..30
    12 dna2            +       53..64       dna1            +       19..30
    12 dna2            +       57..68       dna1            +       19..30
    12 dna2            +       61..72       dna1            +       19..30
    12 dna2            +       65..76       dna1            +       19..30
    12 dna2            +       69..80       dna1            +       19..30
    12 dna2            +       73..84       dna1            +       19..30
    12 dna2            +       77..88       dna1            +       19..30
    12 dna2            +       81..92       dna1            +       19..30
    12 dna2            +       85..96       dna1            +       19..30
    12 dna2            +       89..100      dna1            +       19..30
     8 dna2            +       93..100      dna1            +       19..26
     4 dna2            +       97..100      dna1            +       19..22
     4 dna2            +        9..12       dna1            +       29..32
     4 dna2            +       21..24       dna1            +       29..32
    10 dna2            +      103..112      dna1            +       32..41
    10 dna2            +      107..116      dna1            +       32..41
    10 dna2            +      111..120      dna1            +       32..41
    10 dna2            +      115..124      dna1            +       32..41
     6 dna2            +      119..124      dna1            +       32..37
     8 dna2            +       25..32       dna1            +       42..49
     8 dna2            +       29..36       dna1            +       42..49
     8 dna2            +       33..40       dna1            +       42..49
     8 dna2            +       37..44       dna1            +       42..49
     8 dna2            +       41..48       dna1            +       42..49
     8 dna2            +       45..52       dna1            +       42..49
     8 dna2            +       49..56       dna1            +       42..49
     8 dna2            +       53..60       dna1            +       42..49
     8 dna2            +       57..64       dna1            +       42..49
     8 dna2            +       61..68       dna1            +       42..49
     8 dna2            +       65..72       dna1            +       42..49
     8 dna2            +       69..76       dna1            +       42..49
     8 dna2            +       73..80       dna1            +       42..49
     8 dna2            +       77..84       dna1            +       42..49
     8 dna2            +       81..88       dna1            +       42..49
     8 dna2            +       85..92       dna1            +       42..49
     8 dna2            +       89..96       dna1            +       42..49
    20 dna2            +       93..112      dna1            +       42..61
     4 dna2            +       97..100      dna1            +       42..45
     8 dna2            +       25..32       dna1            +       62..69
     8 dna2            +       29..36       dna1            +       62..69
     8 dna2            +       33..40       dna1            +       62..69
     8 dna2            +       37..44       dna1            +       62..69
     8 dna2            +       41..48       dna1            +       62..69
     8 dna2            +       45..52       dna1            +       62..69
     8 dna2            +       49..56       dna1            +       62..69
     8 dna2            +       53..60       dna1            +       62..69
     8 dna2            +       57..64       dna1            +       62..69
     8 dna2            +       61..68       dna1            +       62..69
     8 dna2            +       65..72       dna1            +       62..69
     8 dna2            +       69..76       dna1            +       62..69
     8 dna2            +       73..80       dna1            +       62..69
     8 dna2            +       77..84       dna1            +       62..69
     8 dna2            +       81..88       dna1            +       62..69
     8 dna2            +       85..92       dna1            +       62..69
     8 dna2            +       89..96       dna1            +       62..69
    20 dna2            +       93..112      dna1            +       62..81
     4 dna2            +       97..100      dna1            +       62..65
     6 dna2            +        7..12       dna1            +       82..87
     7 dna2            +       19..25       dna1            +       82..88
     4 dna2            +        1..4        dna1            +       91..94
     4 dna2            +       13..16       dna1            +       91..94
     8 dna2            +      101..108      dna1            +       93..100
     8 dna2            +      105..112      dna1            +       93..100
     8 dna2            +      109..116      dna1            +       93..100
     8 dna2            +      113..120      dna1            +       93..100
     8 dna2            +      117..124      dna1            +       93..100
     4 dna2            +      121..124      dna1            +       93..96
    12 dna2            +       25..36       dna1            +      101..112
    12 dna2            +       29..40       dna1            +      101..112
    12 dna2            +       33..44       dna1            +      101..112
    12 dna2            +       37..48       dna1            +      101..112
    12 dna2            +       41..52       dna1            +      101..112
    12 dna2            +       45..56       dna1            +      101..112
    12 dna2            +       49..60       dna1            +      101..112
    12 dna2            +       53..64       dna1            +      101..112
    12 dna2            +       57..68       dna1            +      101..112
    12 dna2            +       61..72       dna1            +      101..112
    12 dna2            +       65..76       dna1            +      101..112
    12 dna2            +       69..80       dna1            +      101..112
    12 dna2            +       73..84       dna1            +      101..112
    12 dna2            +       77..88       dna1            +      101..112
    12 dna2            +       81..92       dna1            +      101..112
    12 dna2            +       85..96       dna1            +      101..112
    24 dna2            +       89..112      dna1            +      101..124
     8 dna2            +       93..100      dna1            +      101..108
     4 dna2            +       97..100      dna1            +      101..104

#=======================================
#
# Aligned_sequences: 2
# 1: dna1
# 2: dna2
#=======================================

     4 dna1            +       91..94       dna2            +        1..4
     6 dna1            +       82..87       dna2            +        7..12
     4 dna1            +       91..94       dna2            +       13..16
     7 dna1            +       82..88       dna2            +       19..25
     9 dna1            +       22..30       dna2            +       24..32
     5 dna1            +       26..30       dna2            +       24..28
     5 dna1            +       45..49       dna2            +       24..28
     5 dna1            +       65..69       dna2            +       24..28
     9 dna1            +      104..112      dna2            +       24..32
     5 dna1            +      108..112      dna2            +       24..28
    10 dna1            +       21..30       dna2            +       31..40
     6 dna1            +       25..30       dna2            +       31..36
     6 dna1            +       44..49       dna2            +       31..36
     6 dna1            +       64..69       dna2            +       31..36
    10 dna1            +      103..112      dna2            +       31..40
     6 dna1            +      107..112      dna2            +       31..36
    10 dna1            +       21..30       dna2            +       39..48
     6 dna1            +       25..30       dna2            +       39..44
     6 dna1            +       44..49       dna2            +       39..44
     6 dna1            +       64..69       dna2            +       39..44
    10 dna1            +      103..112      dna2            +       39..48
     6 dna1            +      107..112      dna2            +       39..44
    10 dna1            +       21..30       dna2            +       47..56
     6 dna1            +       25..30       dna2            +       47..52
     6 dna1            +       44..49       dna2            +       47..52
     6 dna1            +       64..69       dna2            +       47..52
    10 dna1            +      103..112      dna2            +       47..56
     6 dna1            +      107..112      dna2            +       47..52
    10 dna1            +       21..30       dna2            +       55..64
     6 dna1            +       25..30       dna2            +       55..60
     6 dna1            +       44..49       dna2            +       55..60
     6 dna1            +       64..69       dna2            +       55..60
    10 dna1            +      103..112      dna2            +       55..64
     6 dna1            +      107..112      dna2            +       55..60
    10 dna1            +       21..30       dna2            +       63..72
     6 dna1            +       25..30       dna2            +       63..68
     6 dna1            +       44..49       dna2            +       63..68
     6 dna1            +       64..69       dna2            +       63..68
    10 dna1            +      103..112      dna2            +       63..72
     6 dna1            +      107..112      dna2            +       63..68
    10 dna1            +       21..30       dna2            +       71..80
     6 dna1            +       25..30       dna2            +       71..76
     6 dna1            +       44..49       dna2            +       71..76
     6 dna1            +       64..69       dna2            +       71..76
    10 dna1            +      103..112      dna2            +       71..80
     6 dna1            +      107..112      dna2            +       71..76
    10 dna1            +       21..30       dna2            +       79..88
     6 dna1            +       25..30       dna2            +       79..84
     6 dna1            +       44..49       dna2            +       79..84
     6 dna1            +       64..69       dna2            +       79..84
    10 dna1            +      103..112      dna2            +       79..88
     6 dna1            +      107..112      dna2            +       79..84
    10 dna1            +       21..30       dna2            +       87..96
     6 dna1            +       25..30       dna2            +       87..92
     6 dna1            +       44..49       dna2            +       87..92
     6 dna1            +       64..69       dna2            +       87..92
    10 dna1            +      103..112      dna2            +       87..96
     6 dna1            +      107..112      dna2            +       87..92
     6 dna1            +       21..26       dna2            +       95..100
     6 dna1            +       25..30       dna2            +       95..100
    18 dna1            +       44..61       dna2            +       95..112
    18 dna1            +       64..81       dna2            +       95..112
     6 dna1            +      103..108      dna2            +       95..100
    18 dna1            +      107..124      dna2            +       95..112
    13 dna1            +        4..16       dna2            +      111..123
     9 dna1            +        8..16       dna2            +      111..119
     5 dna1            +       12..16       dna2            +      111..115
    10 dna1            +       32..41       dna2            +      111..120
     6 dna1            +       36..41       dna2            +      111..116
    10 dna1            +       52..61       dna2            +      111..120
     6 dna1            +       56..61       dna2            +      111..116
    10 dna1            +       72..81       dna2            +      111..120
     6 dna1            +       76..81       dna2            +      111..116
     6 dna1            +       95..100      dna2            +      111..116
    10 dna1            +      115..124      dna2            +      111..120
     6 dna1            +      119..124      dna2            +      111..116

#=======================================
#
# Aligned_sequences: 2
# 1: dna2
# 2: dna2
#=======================================

   124 dna2            +        1..124      dna2            +        1..124
    12 dna2            +       13..24       dna2            +        1..12

#---------------------------------------
#---------------------------------------
